
> april-facilities@0.1.0 build
> tsc --noEmit && vite build && node --import tsx scripts/prerender.tsx

vite v7.3.6 building client environment for production...
transforming...
Module "src/QuoteForm.tsx" tried to import "site.json" with no attributes, but it was already imported elsewhere with "type": "json" attributes. Please ensure that import attributes for the same module are always consistent.
node_modules/zod/v4/core/regexes.js (72:0): A comment

"/** Anchors a pattern source. The interpolation lives here rather than at the call site because
 * esbuild will not drop a `@__PURE__` call whose own argument interpolates a variable, but it
 * will drop `anchor(dateSource)`. Keeping it inline pinned `date` into every bundle. */"

in "node_modules/zod/v4/core/regexes.js" contains an annotation that Rollup cannot interpret due to the position of the comment. The comment will be removed to avoid issues.
node_modules/zod/v4/core/util.js (400:0): A comment

"// Wrapped in a `@__PURE__` IIFE: esbuild never tree-shakes a top-level initializer that contains a member access on `Number`, so the bare object literal survived into every bundle."

in "node_modules/zod/v4/core/util.js" contains an annotation that Rollup cannot interpret due to the position of the comment. The comment will be removed to avoid issues.
✓ 146 modules transformed.
rendering chunks...
computing gzip size...
dist/index.html                                                 0.56 kB │ gzip:   0.37 kB
dist/assets/barlow-condensed-latin-600-normal-BFJEwTuo.woff    18.89 kB
dist/assets/barlow-latin-400-normal-fsAxiSwU.woff              19.58 kB
dist/assets/barlow-latin-600-normal-CNwfPWQD.woff              19.88 kB
dist/assets/barlow-latin-400-normal-qiz4-Cze.woff2             22.20 kB
dist/assets/barlow-condensed-latin-600-normal-DepVgxBB.woff2   22.31 kB
dist/assets/barlow-latin-600-normal-DILqtrty.woff2             22.77 kB
dist/assets/index-DSZTQcWT.css                                 22.58 kB │ gzip:   5.76 kB
dist/assets/index-DIgK7CkN.js                                 340.38 kB │ gzip: 105.23 kB
✓ built in 1.26s
Static HTML generated for 11 pages + 404 (draft/noindex).
